apiVersion: networking.istio.io/v1
kind: DestinationRule
metadata:
  annotations:
    internal.istio.io/parents: XBackendTrafficPolicy/default.lb-policy
  creationTimestamp: null
  name: echo-istio-autogenerated-k8s-gateway
  namespace: default
spec:
  host: echo.default.svc.domain.suffix
  trafficPolicy:
    loadBalancer: {}
---
