apiVersion: networking.istio.io/v1
kind: Gateway
metadata:
  annotations:
    internal.istio.io/gateway-semantics: gateway
    internal.istio.io/gateway-service: istio-ingressgateway.istio-system.svc.domain.suffix
    internal.istio.io/parents: Gateway/gateway/default.istio-system
  creationTimestamp: null
  name: gateway-istio-autogenerated-k8s-gateway-default
  namespace: istio-system
spec:
  servers:
  - hosts:
    - '*/*.domain.example'
    port:
      name: default
      number: 80
      protocol: HTTP
---
apiVersion: networking.istio.io/v1
kind: VirtualService
metadata:
  annotations:
    internal.istio.io/parents: GRPCRoute/grpc.default
    internal.istio.io/route-semantics: gateway
  creationTimestamp: null
  name: istio-system~gateway-istio-autogenerated-k8s-gateway-default~another.domain.example
  namespace: default
spec:
  gateways:
  - istio-system/gateway-istio-autogenerated-k8s-gateway-default
  hosts:
  - another.domain.example
  http:
  - headers:
      request:
        add:
          my-added-header: added-value
        remove:
        - my-removed-header
    match:
    - headers:
        my-header:
          exact: some-value
      uri:
        prefix: /foo/
    name: default.grpc.0
    route:
    - destination:
        host: httpbin.default.svc.domain.suffix
        port:
          number: 80
  - match:
    - uri:
        regex: /[^/]+/bar
    name: default.grpc.1
    route:
    - destination:
        host: httpbin.default.svc.domain.suffix
        port:
          number: 80
---
apiVersion: networking.istio.io/v1
kind: VirtualService
metadata:
  annotations:
    internal.istio.io/parents: GRPCRoute/grpc.default
    internal.istio.io/route-semantics: gateway
  creationTimestamp: null
  name: istio-system~gateway-istio-autogenerated-k8s-gateway-default~first.domain.example
  namespace: default
spec:
  gateways:
  - istio-system/gateway-istio-autogenerated-k8s-gateway-default
  hosts:
  - first.domain.example
  http:
  - headers:
      request:
        add:
          my-added-header: added-value
        remove:
        - my-removed-header
    match:
    - headers:
        my-header:
          exact: some-value
      uri:
        prefix: /foo/
    name: default.grpc.0
    route:
    - destination:
        host: httpbin.default.svc.domain.suffix
        port:
          number: 80
  - match:
    - uri:
        regex: /[^/]+/bar
    name: default.grpc.1
    route:
    - destination:
        host: httpbin.default.svc.domain.suffix
        port:
          number: 80
---
