apiVersion: networking.istio.io/v1
kind: Gateway
metadata:
  annotations:
    internal.istio.io/gateway-semantics: gateway
    internal.istio.io/gateway-service: istio-ingressgateway.istio-system.svc.domain.suffix
    internal.istio.io/parent-namespace: istio-system
    internal.istio.io/parents: XListenerSet/single-entry-http/first.istio-system
  creationTimestamp: null
  name: single-entry-http-istio-autogenerated-k8s-gateway-first
  namespace: istio-system
spec:
  servers:
  - hosts:
    - istio-system/first.foo.com
    port:
      name: default
      number: 80
      protocol: HTTP
---
