apiVersion: networking.istio.io/v1
kind: Gateway
metadata:
  annotations:
    internal.istio.io/gateway-semantics: gateway
    internal.istio.io/gateway-service: istio-ingressgateway.istio-system.svc.domain.suffix
    internal.istio.io/parents: Gateway/parent-gateway/foo.istio-system
  creationTimestamp: null
  name: parent-gateway-istio-autogenerated-k8s-gateway-foo
  namespace: istio-system
spec:
  servers:
  - hosts:
    - istio-system/foo.com
    port:
      name: default
      number: 80
      protocol: HTTP
---
apiVersion: networking.istio.io/v1
kind: Gateway
metadata:
  annotations:
    internal.istio.io/gateway-semantics: gateway
    internal.istio.io/gateway-service: istio-ingressgateway.istio-system.svc.domain.suffix
    internal.istio.io/parents: Gateway/parent-no-allowed-listeners/foo.istio-system
  creationTimestamp: null
  name: parent-no-allowed-listeners-istio-autogenerated-k8s-gateway-foo
  namespace: istio-system
spec:
  servers:
  - hosts:
    - istio-system/foo.com
    port:
      name: default
      number: 80
      protocol: HTTP
---
apiVersion: networking.istio.io/v1
kind: Gateway
metadata:
  annotations:
    internal.istio.io/gateway-semantics: gateway
    internal.istio.io/gateway-service: istio-ingressgateway.istio-system.svc.domain.suffix
    internal.istio.io/parents: Gateway/parent-with-no-children/foo.istio-system
  creationTimestamp: null
  name: parent-with-no-children-istio-autogenerated-k8s-gateway-foo
  namespace: istio-system
spec:
  servers:
  - hosts:
    - istio-system/foo.com
    port:
      name: default
      number: 80
      protocol: HTTP
---
apiVersion: networking.istio.io/v1
kind: Gateway
metadata:
  annotations:
    internal.istio.io/gateway-semantics: gateway
    internal.istio.io/gateway-service: istio-ingressgateway.istio-system.svc.domain.suffix
    internal.istio.io/parent-namespace: istio-system
    internal.istio.io/parents: XListenerSet/port-not-in-service/first.istio-system
  creationTimestamp: null
  name: port-not-in-service-istio-autogenerated-k8s-gateway-first
  namespace: istio-system
spec:
  servers:
  - hosts:
    - istio-system/first.foo.com
    port:
      name: default
      number: 12345
      protocol: HTTP
---
