apiVersion: gateway.networking.x-k8s.io/v1alpha1
kind: XListenerSet
metadata:
  creationTimestamp: null
  name: single-entry-http
  namespace: ns1
spec: null
status:
  conditions:
  - lastTransitionTime: fake
    message: Resource accepted
    reason: Accepted
    status: "True"
    type: Accepted
  - lastTransitionTime: fake
    message: Resource programmed, assigned to service(s) istio-ingressgateway.istio-system.svc.domain.suffix:80
    reason: Programmed
    status: "True"
    type: Programmed
  listeners:
  - attachedRoutes: 0
    conditions:
    - lastTransitionTime: fake
      message: No errors found
      reason: Accepted
      status: "True"
      type: Accepted
    - lastTransitionTime: fake
      message: No errors found
      reason: NoConflicts
      status: "False"
      type: Conflicted
    - lastTransitionTime: fake
      message: No errors found
      reason: Programmed
      status: "True"
      type: Programmed
    - lastTransitionTime: fake
      message: No errors found
      reason: ResolvedRefs
      status: "True"
      type: ResolvedRefs
    name: first
    port: 80
    supportedKinds:
    - group: gateway.networking.k8s.io
      kind: HTTPRoute
    - group: gateway.networking.k8s.io
      kind: GRPCRoute
---
apiVersion: gateway.networking.x-k8s.io/v1alpha1
kind: XListenerSet
metadata:
  creationTimestamp: null
  name: cross-ns-cert
  namespace: ns2
spec: null
status:
  conditions:
  - lastTransitionTime: fake
    message: Resource accepted
    reason: Accepted
    status: "True"
    type: Accepted
  - lastTransitionTime: fake
    message: Resource programmed, assigned to service(s) istio-ingressgateway.istio-system.svc.domain.suffix:443
    reason: Programmed
    status: "True"
    type: Programmed
  listeners:
  - attachedRoutes: 0
    conditions:
    - lastTransitionTime: fake
      message: No errors found
      reason: Accepted
      status: "True"
      type: Accepted
    - lastTransitionTime: fake
      message: No errors found
      reason: NoConflicts
      status: "False"
      type: Conflicted
    - lastTransitionTime: fake
      message: No errors found
      reason: Programmed
      status: "True"
      type: Programmed
    - lastTransitionTime: fake
      message: No errors found
      reason: ResolvedRefs
      status: "True"
      type: ResolvedRefs
    name: allowed
    port: 443
    supportedKinds:
    - group: gateway.networking.k8s.io
      kind: HTTPRoute
    - group: gateway.networking.k8s.io
      kind: GRPCRoute
  - attachedRoutes: 0
    conditions:
    - lastTransitionTime: fake
      message: No errors found
      reason: Accepted
      status: "True"
      type: Accepted
    - lastTransitionTime: fake
      message: No errors found
      reason: NoConflicts
      status: "False"
      type: Conflicted
    - lastTransitionTime: fake
      message: Bad TLS configuration
      reason: Invalid
      status: "False"
      type: Programmed
    - lastTransitionTime: fake
      message: certificateRef ns4-cert/ns4 not accessible to a Gateway in namespace
        "ns2" (missing a ReferenceGrant?)
      reason: RefNotPermitted
      status: "False"
      type: ResolvedRefs
    name: denied
    port: 443
    supportedKinds:
    - group: gateway.networking.k8s.io
      kind: HTTPRoute
    - group: gateway.networking.k8s.io
      kind: GRPCRoute
---
apiVersion: gateway.networking.x-k8s.io/v1alpha1
kind: XListenerSet
metadata:
  creationTimestamp: null
  name: same-ns-cert
  namespace: ns2
spec: null
status:
  conditions:
  - lastTransitionTime: fake
    message: Resource accepted
    reason: Accepted
    status: "True"
    type: Accepted
  - lastTransitionTime: fake
    message: Resource programmed, assigned to service(s) istio-ingressgateway.istio-system.svc.domain.suffix:443
    reason: Programmed
    status: "True"
    type: Programmed
  listeners:
  - attachedRoutes: 0
    conditions:
    - lastTransitionTime: fake
      message: No errors found
      reason: Accepted
      status: "True"
      type: Accepted
    - lastTransitionTime: fake
      message: No errors found
      reason: NoConflicts
      status: "False"
      type: Conflicted
    - lastTransitionTime: fake
      message: No errors found
      reason: Programmed
      status: "True"
      type: Programmed
    - lastTransitionTime: fake
      message: No errors found
      reason: ResolvedRefs
      status: "True"
      type: ResolvedRefs
    name: second
    port: 443
    supportedKinds:
    - group: gateway.networking.k8s.io
      kind: HTTPRoute
    - group: gateway.networking.k8s.io
      kind: GRPCRoute
---
apiVersion: gateway.networking.k8s.io/v1beta1
kind: GatewayClass
metadata:
  creationTimestamp: null
  name: istio
spec: null
status:
  conditions:
  - lastTransitionTime: fake
    message: Handled by Istio controller
    reason: Accepted
    status: "True"
    type: Accepted
---
apiVersion: gateway.networking.k8s.io/v1beta1
kind: Gateway
metadata:
  creationTimestamp: null
  name: parent-gateway
  namespace: istio-system
spec: null
status:
  addresses:
  - type: IPAddress
    value: 1.2.3.4
  conditions:
  - lastTransitionTime: fake
    message: Resource accepted
    reason: Accepted
    status: "True"
    type: Accepted
  - lastTransitionTime: fake
    message: At least one ListenerSet is attached
    reason: ListenersAttached
    status: "True"
    type: AttachedListenerSets
  - lastTransitionTime: fake
    message: Resource programmed, assigned to service(s) istio-ingressgateway.istio-system.svc.domain.suffix:443
      and istio-ingressgateway.istio-system.svc.domain.suffix:80
    reason: Programmed
    status: "True"
    type: Programmed
  listeners:
  - attachedRoutes: 0
    conditions:
    - lastTransitionTime: fake
      message: No errors found
      reason: Accepted
      status: "True"
      type: Accepted
    - lastTransitionTime: fake
      message: No errors found
      reason: NoConflicts
      status: "False"
      type: Conflicted
    - lastTransitionTime: fake
      message: No errors found
      reason: Programmed
      status: "True"
      type: Programmed
    - lastTransitionTime: fake
      message: No errors found
      reason: ResolvedRefs
      status: "True"
      type: ResolvedRefs
    name: foo
    supportedKinds:
    - group: gateway.networking.k8s.io
      kind: HTTPRoute
    - group: gateway.networking.k8s.io
      kind: GRPCRoute
---
