apiVersion: networking.istio.io/v1
kind: DestinationRule
metadata:
  annotations:
    internal.istio.io/parents: XBackendTrafficPolicy/default.lb-policy,BackendTLSPolicy/default.tls-upstream-echo
  creationTimestamp: null
  name: echo-istio-autogenerated-k8s-gateway
  namespace: default
spec:
  host: echo.default.svc.domain.suffix
  trafficPolicy:
    loadBalancer: {}
    tls:
      credentialName: configmap://default/auth-cert
      mode: SIMPLE
      sni: auth.example.com
---
