apiVersion: networking.istio.io/v1
kind: Gateway
metadata:
  annotations:
    internal.istio.io/gateway-semantics: gateway
    internal.istio.io/gateway-service: istio-ingressgateway.istio-system.svc.domain.suffix,istio-ingressgateway.not-default.svc.domain.suffix,example.com
    internal.istio.io/parents: Gateway/gateway/http.istio-system
    internal.istio.io/service-account-name: ""
  name: gateway~istio-autogenerated-k8s-gateway~http
  namespace: istio-system
spec:
  servers:
  - hosts:
    - istio-system/*.domain.example
    port:
      name: default
      number: 80
      protocol: HTTP
---
apiVersion: networking.istio.io/v1
kind: Gateway
metadata:
  annotations:
    internal.istio.io/gateway-semantics: gateway
    internal.istio.io/gateway-service: istio-ingressgateway.istio-system.svc.domain.suffix,istio-ingressgateway.not-default.svc.domain.suffix,example.com
    internal.istio.io/parents: Gateway/gateway/tcp.istio-system
    internal.istio.io/service-account-name: ""
  name: gateway~istio-autogenerated-k8s-gateway~tcp
  namespace: istio-system
spec:
  servers:
  - hosts:
    - '*/*'
    port:
      name: default
      number: 34000
      protocol: TCP
---
