apiVersion: inference.networking.x-k8s.io/v1alpha2
kind: InferencePool
metadata:
  creationTimestamp: null
  name: my-ip
  namespace: inferencepool
spec: null
status: {}
---
apiVersion: gateway.networking.k8s.io/v1beta1
kind: Gateway
metadata:
  creationTimestamp: null
  name: gateway
  namespace: istio-system
spec: null
status:
  addresses:
  - type: IPAddress
    value: 1.2.3.4
  conditions:
  - lastTransitionTime: fake
    message: Resource accepted
    reason: Accepted
    status: "True"
    type: Accepted
  - lastTransitionTime: fake
    message: Resource programmed, assigned to service(s) istio-ingressgateway.istio-system.svc.domain.suffix:80
    reason: Programmed
    status: "True"
    type: Programmed
  listeners:
  - attachedRoutes: 2
    conditions:
    - lastTransitionTime: fake
      message: No errors found
      reason: Accepted
      status: "True"
      type: Accepted
    - lastTransitionTime: fake
      message: No errors found
      reason: NoConflicts
      status: "False"
      type: Conflicted
    - lastTransitionTime: fake
      message: No errors found
      reason: Programmed
      status: "True"
      type: Programmed
    - lastTransitionTime: fake
      message: No errors found
      reason: ResolvedRefs
      status: "True"
      type: ResolvedRefs
    name: simple
    supportedKinds:
    - group: gateway.networking.k8s.io
      kind: HTTPRoute
    - group: gateway.networking.k8s.io
      kind: GRPCRoute
---
apiVersion: gateway.networking.k8s.io/v1beta1
kind: HTTPRoute
metadata:
  creationTimestamp: null
  name: backend-allowed-ip
  namespace: istio-system
spec: null
status:
  parents:
  - conditions:
    - lastTransitionTime: fake
      message: Route was valid
      reason: Accepted
      status: "True"
      type: Accepted
    - lastTransitionTime: fake
      message: backend(my-ip-ip-03f70481.inferencepool.svc.domain.suffix) not found
      reason: BackendNotFound
      status: "False"
      type: ResolvedRefs
    controllerName: istio.io/gateway-controller
    parentRef:
      name: gateway
      namespace: istio-system
---
apiVersion: gateway.networking.k8s.io/v1beta1
kind: HTTPRoute
metadata:
  creationTimestamp: null
  name: backend-not-allowed-ip
  namespace: istio-system
spec: null
status:
  parents:
  - conditions:
    - lastTransitionTime: fake
      message: Route was valid
      reason: Accepted
      status: "True"
      type: Accepted
    - lastTransitionTime: fake
      message: backendRef httpbin/default not accessible to a HTTPRoute in namespace
        "istio-system" (missing a ReferenceGrant?)
      reason: RefNotPermitted
      status: "False"
      type: ResolvedRefs
    controllerName: istio.io/gateway-controller
    parentRef:
      name: gateway
      namespace: istio-system
---
