apiVersion: networking.istio.io/v1
kind: Gateway
metadata:
  annotations:
    internal.istio.io/gateway-semantics: gateway
    internal.istio.io/gateway-service: istio-ingressgateway.istio-system.svc.domain.suffix
    internal.istio.io/parents: Gateway/gateway/simple.istio-system
  creationTimestamp: null
  name: gateway-istio-autogenerated-k8s-gateway-simple
  namespace: istio-system
spec:
  servers:
  - hosts:
    - '*/*.domain.example'
    port:
      name: default
      number: 80
      protocol: HTTP
---
apiVersion: networking.istio.io/v1
kind: VirtualService
metadata:
  annotations:
    internal.istio.io/parents: HTTPRoute/backend-allowed-ip.istio-system
    internal.istio.io/route-semantics: gateway
  creationTimestamp: null
  name: istio-system~gateway-istio-autogenerated-k8s-gateway-simple~simple.domain.example
  namespace: istio-system
spec:
  gateways:
  - istio-system/gateway-istio-autogenerated-k8s-gateway-simple
  hosts:
  - simple.domain.example
  http:
  - name: istio-system.backend-allowed-ip.0
    route:
    - destination: {}
---
apiVersion: networking.istio.io/v1
kind: VirtualService
metadata:
  annotations:
    internal.istio.io/parents: HTTPRoute/backend-not-allowed-ip.istio-system
    internal.istio.io/route-semantics: gateway
  creationTimestamp: null
  name: istio-system~gateway-istio-autogenerated-k8s-gateway-simple~simple2.domain.example
  namespace: istio-system
spec:
  gateways:
  - istio-system/gateway-istio-autogenerated-k8s-gateway-simple
  hosts:
  - simple2.domain.example
  http:
  - name: istio-system.backend-not-allowed-ip.0
    route:
    - destination: {}
      weight: 1
    - destination: {}
      weight: 1
---
