apiVersion: networking.istio.io/v1
kind: Gateway
metadata:
  annotations:
    internal.istio.io/gateway-semantics: gateway
    internal.istio.io/gateway-service: istio-ingressgateway.istio-system.svc.domain.suffix
    internal.istio.io/parents: Gateway/gateway/default.istio-system
  creationTimestamp: null
  name: gateway-istio-autogenerated-k8s-gateway-default
  namespace: istio-system
spec:
  servers:
  - hosts:
    - '*/*'
    port:
      name: default
      number: 34000
      protocol: TCP
---
apiVersion: networking.istio.io/v1
kind: Gateway
metadata:
  annotations:
    internal.istio.io/gateway-semantics: gateway
    internal.istio.io/gateway-service: istio-ingressgateway.istio-system.svc.domain.suffix
    internal.istio.io/parents: Gateway/gateway2/default.istio-system
  creationTimestamp: null
  name: gateway2-istio-autogenerated-k8s-gateway-default
  namespace: istio-system
spec:
  servers:
  - hosts:
    - '*/*'
    port:
      name: default
      number: 34000
      protocol: TCP
---
apiVersion: networking.istio.io/v1
kind: VirtualService
metadata:
  annotations:
    internal.istio.io/parents: TCPRoute/tcp.default
    internal.istio.io/route-semantics: gateway
  creationTimestamp: null
  name: tcp-tcp-0-istio-autogenerated-k8s-gateway
  namespace: default
spec:
  gateways:
  - istio-system/gateway-istio-autogenerated-k8s-gateway-default
  hosts:
  - '*'
  tcp:
  - route:
    - destination:
        host: httpbin.default.svc.domain.suffix
        port:
          number: 9090
---
apiVersion: networking.istio.io/v1
kind: VirtualService
metadata:
  annotations:
    internal.istio.io/parents: TCPRoute/tcp.default
    internal.istio.io/route-semantics: gateway
  creationTimestamp: null
  name: tcp-tcp-1-istio-autogenerated-k8s-gateway
  namespace: default
spec:
  gateways:
  - istio-system/gateway2-istio-autogenerated-k8s-gateway-default
  hosts:
  - '*'
  tcp:
  - route:
    - destination:
        host: httpbin.default.svc.domain.suffix
        port:
          number: 9090
---
