apiVersion: networking.istio.io/v1
kind: Gateway
metadata:
  annotations:
    internal.istio.io/gateway-semantics: gateway
    internal.istio.io/gateway-service: istio-ingressgateway.istio-system.svc.domain.suffix
    internal.istio.io/parents: Gateway/gateway/default.istio-system
  creationTimestamp: null
  name: gateway-istio-autogenerated-k8s-gateway-default
  namespace: istio-system
spec:
  servers:
  - hosts:
    - '*/*.domain.example'
    port:
      name: default
      number: 80
      protocol: HTTP
---
apiVersion: networking.istio.io/v1
kind: VirtualService
metadata:
  annotations:
    internal.istio.io/parents: HTTPRoute/mixed-parent-ref-validity.default
    internal.istio.io/route-semantics: gateway
  creationTimestamp: null
  name: default~google.com
  namespace: default
spec:
  gateways:
  - mesh
  hosts:
  - google.com
  http:
  - name: default.mixed-parent-ref-validity.0
    route:
    - destination:
        host: httpbin.default.svc.domain.suffix
        port:
          number: 80
---
apiVersion: networking.istio.io/v1
kind: VirtualService
metadata:
  annotations:
    internal.istio.io/parents: HTTPRoute/mixed-parent-ref-validity.default
    internal.istio.io/route-semantics: gateway
  creationTimestamp: null
  name: istio-system~gateway-istio-autogenerated-k8s-gateway-default~*
  namespace: default
spec:
  gateways:
  - istio-system/gateway-istio-autogenerated-k8s-gateway-default
  hosts:
  - '*'
  http:
  - name: default.mixed-parent-ref-validity.0
    route:
    - destination:
        host: httpbin.default.svc.domain.suffix
        port:
          number: 80
---
