apiVersion: gateway.networking.k8s.io/v1beta1
kind: Gateway
metadata:
  creationTimestamp: null
  name: invalid
  namespace: ns
spec: null
status:
  conditions:
  - lastTransitionTime: fake
    message: Resource accepted
    reason: Accepted
    status: "True"
    type: Accepted
  - lastTransitionTime: fake
    message: 'Failed to assign to any requested addresses: hostname "invalid.ns.svc.domain.suffix"
      not found'
    reason: AddressNotUsable
    status: "False"
    type: Programmed
  listeners:
  - attachedRoutes: 0
    conditions:
    - lastTransitionTime: fake
      message: Expected a single listener on port 15008 with protocol "HBONE"
      reason: UnsupportedProtocol
      status: "False"
      type: Accepted
    - lastTransitionTime: fake
      message: No errors found
      reason: NoConflicts
      status: "False"
      type: Conflicted
    - lastTransitionTime: fake
      message: No errors found
      reason: Programmed
      status: "True"
      type: Programmed
    - lastTransitionTime: fake
      message: No errors found
      reason: ResolvedRefs
      status: "True"
      type: ResolvedRefs
    name: mesh
    supportedKinds:
    - group: gateway.networking.k8s.io
      kind: HTTPRoute
    - group: gateway.networking.k8s.io
      kind: GRPCRoute
---
apiVersion: gateway.networking.k8s.io/v1beta1
kind: Gateway
metadata:
  creationTimestamp: null
  name: namespace
  namespace: ns
spec: null
status:
  conditions:
  - lastTransitionTime: fake
    message: Resource accepted
    reason: Accepted
    status: "True"
    type: Accepted
  - lastTransitionTime: fake
    message: 'Failed to assign to any requested addresses: hostname "namespace.ns.svc.domain.suffix"
      not found'
    reason: AddressNotUsable
    status: "False"
    type: Programmed
  listeners:
  - attachedRoutes: 0
    conditions:
    - lastTransitionTime: fake
      message: No errors found
      reason: Accepted
      status: "True"
      type: Accepted
    - lastTransitionTime: fake
      message: No errors found
      reason: NoConflicts
      status: "False"
      type: Conflicted
    - lastTransitionTime: fake
      message: No errors found
      reason: Programmed
      status: "True"
      type: Programmed
    - lastTransitionTime: fake
      message: No errors found
      reason: ResolvedRefs
      status: "True"
      type: ResolvedRefs
    name: mesh
    supportedKinds: []
---
