{
  "cniVersion": "0.3.1",
  "name": "k8s-pod-network",
  "plugins": [
    {
      "bridge": "cni0",
      "dns": {
        "nameservers": [
          "10.1.0.1"
        ]
      },
      "ipam": {
        "gateway": "10.1.0.1",
        "subnet": "10.1.0.0/16",
        "type": "host-local"
      },
      "name": "dbnet",
      "type": "bridge"
    },
    {
      "ambient_enabled": false,
      "cni_agent_run_dir": "/path/to/kubeconfig",
      "dns": {},
      "exclude_namespaces": [
        ""
      ],
      "ipam": {},
      "name": "istio-cni",
      "plugin_log_level": "debug",
      "pod_namespace": "my-namespace",
      "type": "istio-cni"
    }
  ]
}
