apiVersion: autoscaling/v2
kind: HorizontalPodAutoscaler
metadata:
  labels:
    app: istio-ingressgateway
    app.kubernetes.io/instance: istio
    app.kubernetes.io/managed-by: Helm
    app.kubernetes.io/name: istio-ingressgateway
    app.kubernetes.io/part-of: istio
    app.kubernetes.io/version: 1.0.0
    helm.sh/chart: istio-ingress-1.0.0
    install.operator.istio.io/owning-resource: unknown
    istio: ingressgateway
    istio.io/rev: default
    operator.istio.io/component: IngressGateways
    release: istio
  name: istio-ingressgateway
  namespace: istio-system
spec:
  maxReplicas: 5
  metrics:
  - resource:
      name: cpu
      target:
        averageUtilization: 80
        type: Utilization
  - resource:
      name: memory
      target:
        averageUtilization: 80
        type: Utilization
  minReplicas: 1
  scaleTargetRef:
    apiVersion: apps/v1
    kind: Deployment
    name: istio-ingressgateway
---
apiVersion: autoscaling/v2
kind: HorizontalPodAutoscaler
metadata:
  labels:
    app: istiod
    app.kubernetes.io/instance: istio
    app.kubernetes.io/managed-by: Helm
    app.kubernetes.io/name: istiod
    app.kubernetes.io/part-of: istio
    app.kubernetes.io/version: 1.0.0
    helm.sh/chart: istiod-1.0.0
    install.operator.istio.io/owning-resource: unknown
    istio.io/rev: default
    operator.istio.io/component: Pilot
    release: istio
  name: istiod
  namespace: istio-system
spec:
  maxReplicas: 5
  metrics:
  - resource:
      name: cpu
      target:
        averageUtilization: 90
        type: Utilization
    type: Resource
  - resource:
      name: memory
      target:
        averageUtilization: 90
        type: Utilization
    type: Resource
  minReplicas: 1
  scaleTargetRef:
    apiVersion: apps/v1
    kind: Deployment
    name: istiod
