apiVersion: v1
kind: Service
metadata:
  annotations: null
  labels:
    app: istio-egressgateway
    app.kubernetes.io/instance: istio
    app.kubernetes.io/managed-by: Helm
    app.kubernetes.io/name: istio-egressgateway
    app.kubernetes.io/part-of: istio
    app.kubernetes.io/version: 1.0.0
    helm.sh/chart: istio-egress-1.0.0
    install.operator.istio.io/owning-resource: unknown
    istio: egressgateway
    istio.io/rev: default
    operator.istio.io/component: EgressGateways
    release: istio
  name: istio-egressgateway
  namespace: istio-system
spec:
  ports:
  - name: http2
    port: 80
    protocol: TCP
    targetPort: 8080
  - name: https
    port: 443
    protocol: TCP
    targetPort: 8443
  selector:
    app: istio-egressgateway
    istio: egressgateway
  type: ClusterIP
