apiVersion: apps/v1
kind: Deployment
metadata:
  labels:
    app: istio-egressgateway
    app.kubernetes.io/instance: istio
    app.kubernetes.io/managed-by: Helm
    app.kubernetes.io/name: istio-egressgateway
    app.kubernetes.io/part-of: istio
    app.kubernetes.io/version: 1.0.0
    helm.sh/chart: istio-egress-1.0.0
    install.operator.istio.io/owning-resource: unknown
    istio: egressgateway
    istio.io/dataplane-mode: none
    istio.io/rev: default
    operator.istio.io/component: EgressGateways
    release: istio
  name: istio-egressgateway
  namespace: istio-system
spec:
  selector:
    matchLabels:
      app: istio-egressgateway
      istio: egressgateway
  strategy:
    rollingUpdate:
      maxSurge: 100%
      maxUnavailable: 25%
  template:
    metadata:
      annotations:
        istio.io/rev: default
        prometheus.io/path: /stats/prometheus
        prometheus.io/port: "15020"
        prometheus.io/scrape: "true"
        sidecar.istio.io/inject: "false"
      labels:
        app: istio-egressgateway
        app.kubernetes.io/instance: istio
        app.kubernetes.io/managed-by: Helm
        app.kubernetes.io/name: istio-egressgateway
        app.kubernetes.io/part-of: istio
        app.kubernetes.io/version: 1.0.0
        chart: gateways
        helm.sh/chart: istio-egress-1.0.0
        heritage: Tiller
        install.operator.istio.io/owning-resource: unknown
        istio: egressgateway
        istio.io/dataplane-mode: none
        istio.io/rev: default
        operator.istio.io/component: EgressGateways
        release: istio
        service.istio.io/canonical-name: istio-egressgateway
        service.istio.io/canonical-revision: latest
        sidecar.istio.io/inject: "false"
    spec:
      affinity:
        nodeAffinity:
          preferredDuringSchedulingIgnoredDuringExecution: null
          requiredDuringSchedulingIgnoredDuringExecution: null
      containers:
      - args:
        - proxy
        - router
        - --domain
        - $(POD_NAMESPACE).svc.cluster.local
        - --proxyLogLevel=warning
        - --proxyComponentLogLevel=misc:error
        - --log_output_level=default:info
        env:
        - name: PILOT_CERT_PROVIDER
          value: istiod
        - name: CA_ADDR
          value: istiod.istio-system.svc:15012
        - name: NODE_NAME
          valueFrom:
            fieldRef:
              apiVersion: v1
              fieldPath: spec.nodeName
        - name: POD_NAME
          valueFrom:
            fieldRef:
              apiVersion: v1
              fieldPath: metadata.name
        - name: POD_NAMESPACE
          valueFrom:
            fieldRef:
              apiVersion: v1
              fieldPath: metadata.namespace
        - name: INSTANCE_IP
          valueFrom:
            fieldRef:
              apiVersion: v1
              fieldPath: status.podIP
        - name: HOST_IP
          valueFrom:
            fieldRef:
              apiVersion: v1
              fieldPath: status.hostIP
        - name: ISTIO_CPU_LIMIT
          valueFrom:
            resourceFieldRef:
              resource: limits.cpu
        - name: SERVICE_ACCOUNT
          valueFrom:
            fieldRef:
              fieldPath: spec.serviceAccountName
        - name: ISTIO_META_WORKLOAD_NAME
          value: istio-egressgateway
        - name: ISTIO_META_OWNER
          value: kubernetes://apis/apps/v1/namespaces/istio-system/deployments/istio-egressgateway
        - name: ISTIO_META_MESH_ID
          value: cluster.local
        - name: TRUST_DOMAIN
          value: cluster.local
        - name: ISTIO_META_UNPRIVILEGED_POD
          value: "true"
        - name: ISTIO_META_CLUSTER_ID
          value: Kubernetes
        - name: ISTIO_META_NODE_NAME
          valueFrom:
            fieldRef:
              fieldPath: spec.nodeName
        image: gcr.io/istio-testing/proxyv2:latest
        name: istio-proxy
        ports:
        - containerPort: 8080
          protocol: TCP
        - containerPort: 8443
          protocol: TCP
        - containerPort: 15090
          name: http-envoy-prom
          protocol: TCP
        readinessProbe:
          failureThreshold: 30
          httpGet:
            path: /healthz/ready
            port: 15021
            scheme: HTTP
          initialDelaySeconds: 1
          periodSeconds: 2
          successThreshold: 1
          timeoutSeconds: 1
        resources:
          limits:
            cpu: 2000m
            memory: 1024Mi
          requests:
            cpu: 100m
            memory: 128Mi
        securityContext:
          allowPrivilegeEscalation: false
          capabilities:
            drop:
            - ALL
          privileged: false
          readOnlyRootFilesystem: true
        volumeMounts:
        - mountPath: /var/run/secrets/workload-spiffe-uds
          name: workload-socket
        - mountPath: /var/run/secrets/credential-uds
          name: credential-socket
        - mountPath: /var/run/secrets/workload-spiffe-credentials
          name: workload-certs
        - mountPath: /etc/istio/proxy
          name: istio-envoy
        - mountPath: /etc/istio/config
          name: config-volume
        - mountPath: /var/run/secrets/istio
          name: istiod-ca-cert
        - mountPath: /var/run/secrets/tokens
          name: istio-token
          readOnly: true
        - mountPath: /var/lib/istio/data
          name: istio-data
        - mountPath: /etc/istio/pod
          name: podinfo
        - mountPath: /etc/istio/egressgateway-certs
          name: egressgateway-certs
          readOnly: true
        - mountPath: /etc/istio/egressgateway-ca-certs
          name: egressgateway-ca-certs
          readOnly: true
      securityContext:
        runAsGroup: 1337
        runAsNonRoot: true
        runAsUser: 1337
      serviceAccountName: istio-egressgateway-service-account
      volumes:
      - emptyDir: {}
        name: workload-socket
      - emptyDir: {}
        name: credential-socket
      - emptyDir: {}
        name: workload-certs
      - configMap:
          name: istio-ca-root-cert
        name: istiod-ca-cert
      - downwardAPI:
          items:
          - fieldRef:
              fieldPath: metadata.labels
            path: labels
          - fieldRef:
              fieldPath: metadata.annotations
            path: annotations
        name: podinfo
      - emptyDir: {}
        name: istio-envoy
      - emptyDir: {}
        name: istio-data
      - name: istio-token
        projected:
          sources:
          - serviceAccountToken:
              audience: istio-ca
              expirationSeconds: 43200
              path: istio-token
      - configMap:
          name: istio
          optional: true
        name: config-volume
      - name: egressgateway-certs
        secret:
          optional: true
          secretName: istio-egressgateway-certs
      - name: egressgateway-ca-certs
        secret:
          optional: true
          secretName: istio-egressgateway-ca-certs
---
apiVersion: v1
kind: Service
metadata:
  annotations: null
  labels:
    app: istio-egressgateway
    app.kubernetes.io/instance: istio
    app.kubernetes.io/managed-by: Helm
    app.kubernetes.io/name: istio-egressgateway
    app.kubernetes.io/part-of: istio
    app.kubernetes.io/version: 1.0.0
    helm.sh/chart: istio-egress-1.0.0
    install.operator.istio.io/owning-resource: unknown
    istio: egressgateway
    istio.io/rev: default
    operator.istio.io/component: EgressGateways
    release: istio
  name: istio-egressgateway
  namespace: istio-system
spec:
  ports:
  - name: http2
    port: 80
    protocol: TCP
    targetPort: 8080
  - name: https
    port: 443
    protocol: TCP
    targetPort: 8443
  selector:
    app: istio-egressgateway
    istio: egressgateway
  type: ClusterIP
