apiVersion: apps/v1
kind: Deployment
metadata:
  labels:
    app: istiod
    app.kubernetes.io/instance: istio
    app.kubernetes.io/managed-by: Helm
    app.kubernetes.io/name: istiod
    app.kubernetes.io/part-of: istio
    app.kubernetes.io/version: 1.0.0
    helm.sh/chart: istiod-1.0.0
    install.operator.istio.io/owning-resource: unknown
    istio: pilot
    istio.io/rev: default
    operator.istio.io/component: Pilot
    release: istio
  name: istiod
  namespace: istio-system
spec:
  selector:
    matchLabels:
      istio: pilot
  strategy:
    rollingUpdate:
      maxSurge: 100%
      maxUnavailable: 25%
  template:
    metadata:
      annotations:
        prometheus.io/port: "15014"
        prometheus.io/scrape: "true"
        sidecar.istio.io/inject: "false"
      labels:
        app: istiod
        app.kubernetes.io/instance: istio
        app.kubernetes.io/managed-by: Helm
        app.kubernetes.io/name: istiod
        app.kubernetes.io/part-of: istio
        app.kubernetes.io/version: 1.0.0
        helm.sh/chart: istiod-1.0.0
        install.operator.istio.io/owning-resource: unknown
        istio: pilot
        istio.io/dataplane-mode: none
        istio.io/rev: default
        operator.istio.io/component: Pilot
        sidecar.istio.io/inject: "false"
    spec:
      containers:
      - args:
        - discovery
        - --monitoringAddr=:15014
        - --log_output_level=default:info
        - --domain
        - cluster.local
        - --keepaliveMaxServerConnectionAge
        - 30m
        env:
        - name: REVISION
          value: default
        - name: PILOT_CERT_PROVIDER
          value: istiod
        - name: POD_NAME
          valueFrom:
            fieldRef:
              apiVersion: v1
              fieldPath: metadata.name
        - name: POD_NAMESPACE
          valueFrom:
            fieldRef:
              apiVersion: v1
              fieldPath: metadata.namespace
        - name: SERVICE_ACCOUNT
          valueFrom:
            fieldRef:
              apiVersion: v1
              fieldPath: spec.serviceAccountName
        - name: KUBECONFIG
          value: /var/run/secrets/remote/config
        - name: CA_TRUSTED_NODE_ACCOUNTS
          value: istio-system/ztunnel
        - name: FAKE_ENV_NAME
          valueFrom:
            secretKeyRef:
              key: fake-key
              name: fake-secret
        - name: PILOT_TRACE_SAMPLING
          value: "1"
        - name: PILOT_ENABLE_ANALYSIS
          value: "false"
        - name: CLUSTER_ID
          value: Kubernetes
        - name: GOMEMLIMIT
          valueFrom:
            resourceFieldRef:
              divisor: "1"
              resource: limits.memory
        - name: GOMAXPROCS
          valueFrom:
            resourceFieldRef:
              divisor: "1"
              resource: limits.cpu
        - name: PLATFORM
          value: ""
        image: gcr.io/istio-testing/pilot:latest
        name: discovery
        ports:
        - containerPort: 8080
          name: http-debug
          protocol: TCP
        - containerPort: 15010
          name: grpc-xds
          protocol: TCP
        - containerPort: 15012
          name: tls-xds
          protocol: TCP
        - containerPort: 15017
          name: https-webhooks
          protocol: TCP
        - containerPort: 15014
          name: http-monitoring
          protocol: TCP
        readinessProbe:
          httpGet:
            path: /ready
            port: 8080
          initialDelaySeconds: 1
          periodSeconds: 3
          timeoutSeconds: 5
        resources:
          requests:
            cpu: 500m
            memory: 2048Mi
        securityContext:
          allowPrivilegeEscalation: false
          capabilities:
            drop:
            - ALL
          readOnlyRootFilesystem: true
          runAsNonRoot: true
        volumeMounts:
        - mountPath: /var/run/secrets/tokens
          name: istio-token
          readOnly: true
        - mountPath: /var/run/secrets/istio-dns
          name: local-certs
        - mountPath: /etc/cacerts
          name: cacerts
          readOnly: true
        - mountPath: /var/run/secrets/remote
          name: istio-kubeconfig
          readOnly: true
        - mountPath: /var/run/secrets/istiod/tls
          name: istio-csr-dns-cert
          readOnly: true
        - mountPath: /var/run/secrets/istiod/ca
          name: istio-csr-ca-configmap
          readOnly: true
      serviceAccountName: istiod
      tolerations:
      - key: cni.istio.io/not-ready
        operator: Exists
      volumes:
      - emptyDir:
          medium: Memory
        name: local-certs
      - name: istio-token
        projected:
          sources:
          - serviceAccountToken:
              audience: istio-ca
              expirationSeconds: 43200
              path: istio-token
      - name: cacerts
        secret:
          optional: true
          secretName: cacerts
      - name: istio-kubeconfig
        secret:
          optional: true
          secretName: istio-kubeconfig
      - name: istio-csr-dns-cert
        secret:
          optional: true
          secretName: istiod-tls
      - configMap:
          defaultMode: 420
          name: istio-ca-root-cert
          optional: true
        name: istio-csr-ca-configmap
